// Jest Snapshot v1, https://goo.gl/fbAQLP

exports[`Bucket Display Component Renders the content of buckets array 1`] = `
<div>
  <div
    className="buckets-number"
  >
    Buckets (0)
  </div>
  <div
    className="table-head bucket-display"
  >
    <h3
      className="name-header"
    >
      Bucket Name
    </h3>
    <h3
      className="date-header"
    >
      Creation Date
    </h3>
    <h3
      className="region-header"
    >
      AWS Region
    </h3>
  </div>
  <AnimatePresence
    exitBeforeEnter={true}
  >
    <ForwardRef(MotionComponent)
      animate="open"
      exit="closed"
      initial="closed"
      key="bucketUL"
      variants={
        Object {
          "closed": Object {
            "opacity": 0,
            "transition": Object {},
          },
          "open": Object {
            "opacity": 1,
            "transition": Object {
              "ease": "easeIn",
            },
          },
        }
      }
    >
      <BucketUL
        buckets={Array []}
        loading={true}
      />
    </ForwardRef(MotionComponent)>
  </AnimatePresence>
  <div
    className="add-bucket-bar"
    onClick={[Function]}
    onKeyPress={[Function]}
    role="button"
    tabIndex={0}
  >
    <span
      className="bucket-button-elements"
    >
      <div
        className="bucket-cta-wrapper"
      >
        <h3>
          Create New S3 Bucket
        </h3>
        <IoAddCircleSharp
          className="add-bucket-plus"
        />
      </div>
    </span>
  </div>
</div>
`;
